 ----------
| O       O|
|  O O OO  |
|OO        |
|  O       |
|          |
|  O  O O  |
|    O     |
|       OOO|
|       O  |
|    O     |
 ----------
